// Jest Snapshot v1, https://goo.gl/fbAQLP

exports[`App Componenet it always renders the same markup 1`] = `
<main>
  <p>
    
        Mathematics is not about numbers, equations, computations, or algorithms: it is about understanding. 
        â€“William Paul Thurston
      
  </p>
</main>
`;
